agents:
- ego:
    behaviors:
    - path_following:
        constant_velocity: null
        pose_b_spline:
          default_tangent_distance: 3
          poses:
          - heading: 2.681
            x: 587331.2171221918
            y: 4140888.3912054715
          - heading: 2.771
            x: 587298.741413488
            y: 4140902.616182756
          - heading: 2.86
            x: 587272.3657215742
            y: 4140911.243695279
          - heading: 2.888
            x: 587234.6031311005
            y: 4140921.142417239
          - heading: 2.891
            x: 587195.919920609
            y: 4140931.05153354
          - heading: 2.891
            x: 587147.1670380643
            y: 4140943.5141717773
          - heading: 2.891
            x: 587111.5937717654
            y: 4140952.593058965
          - heading: 2.891
            x: 587061.1435064747
            y: 4140965.5019905698
    initial_position:
      heading: 2.5726090276888094
      point:
        utm:
          x: 587360.691049791
          y: 4140871.8983220556
    initial_velocity_mps: 9
- static_obstacle:
    custom_model_description:
      sign_configuration:
        preset: STOPAHEAD_USA
    id: 80
    initial_state:
      pose_spec:
        px: 587330.9177179987
        py: 4140880.9606452896
        rpy:
          pitch: 0.0
          roll: 0.0
          yaw: -1.0067033241580834
    model:
      static:
        height: 1.134
        point:
        - x: -0.018
          y: -0.406
        - x: -0.018
          y: 0.406
        - x: 0.018
          y: 0.406
        - x: 0.018
          y: -0.406
    scaling:
      x: 1.0
      y: 1.0
      z: 1.0
    spectral_static_model: CUSTOM_SIGN
    type: UNKNOWN_UNMOVABLE
- static_obstacle:
    custom_model_description:
      sign_configuration:
        preset: STOPAHEAD_USA
    id: 1
    initial_state:
      pose_spec:
        px: 587314.1945907648
        py: 4140889.673746165
        rpy:
          pitch: 0.0
          roll: 0.0
          yaw: -0.31261946428999837
    model:
      static:
        height: 1.134
        point:
        - x: -0.018
          y: -0.406
        - x: -0.018
          y: 0.406
        - x: 0.018
          y: 0.406
        - x: 0.018
          y: -0.406
    scaling:
      x: 1.0
      y: 1.0
      z: 1.0
    spectral_static_model: CUSTOM_SIGN
    type: UNKNOWN_UNMOVABLE
- static_obstacle:
    custom_model_description:
      sign_configuration:
        preset: STOPAHEAD_USA
    id: 2
    initial_state:
      pose_spec:
        px: 587348.498254045
        py: 4140882.2828756487
        rpy:
          pitch: 0.0
          roll: 0.0
          yaw: -0.44309432271771587
    model:
      static:
        height: 1.134
        point:
        - x: -0.018
          y: -0.406
        - x: -0.018
          y: 0.406
        - x: 0.018
          y: 0.406
        - x: 0.018
          y: -0.406
    scaling:
      x: 1.0
      y: 1.0
      z: 1.0
    spectral_static_model: CUSTOM_SIGN
    type: UNKNOWN_UNMOVABLE
- static_obstacle:
    custom_model_description:
      sign_configuration:
        preset: STOPAHEAD_USA
    id: 3
    initial_state:
      pose_spec:
        px: 587326.576972062
        py: 4140892.9085269975
        rpy:
          pitch: 0.0
          roll: 0.0
          yaw: -0.26486319440583844
    model:
      static:
        height: 1.134
        point:
        - x: -0.018
          y: -0.406
        - x: -0.018
          y: 0.406
        - x: 0.018
          y: 0.406
        - x: 0.018
          y: -0.406
    scaling:
      x: 1.0
      y: 1.0
      z: 1.0
    spectral_static_model: CUSTOM_SIGN
    type: UNKNOWN_UNMOVABLE
- static_obstacle:
    custom_model_description:
      sign_configuration:
        preset: STOPAHEAD_USA
    id: 4
    initial_state:
      pose_spec:
        px: 587311.4112139117
        py: 4140899.5885625486
        rpy:
          pitch: 0.0
          roll: 0.0
          yaw: -0.37602386839531404
    model:
      static:
        height: 1.134
        point:
        - x: -0.018
          y: -0.406
        - x: -0.018
          y: 0.406
        - x: 0.018
          y: 0.406
        - x: 0.018
          y: -0.406
    scaling:
      x: 1.0
      y: 1.0
      z: 1.0
    spectral_static_model: CUSTOM_SIGN
    type: UNKNOWN_UNMOVABLE
- static_obstacle:
    custom_model_description:
      sign_configuration:
        preset: STOPAHEAD_USA
    id: 5
    initial_state:
      pose_spec:
        px: 587292.9065638279
        py: 4140899.4351309063
        rpy:
          pitch: 0.0
          roll: 0.0
          yaw: -0.8412768001463711
    model:
      static:
        height: 1.134
        point:
        - x: -0.018
          y: -0.406
        - x: -0.018
          y: 0.406
        - x: 0.018
          y: 0.406
        - x: 0.018
          y: -0.406
    scaling:
      x: 1.0
      y: 1.0
      z: 1.0
    spectral_static_model: CUSTOM_SIGN
    type: UNKNOWN_UNMOVABLE
- static_obstacle:
    custom_model_description:
      sign_configuration:
        preset: STOPAHEAD_USA
    id: 6
    initial_state:
      pose_spec:
        px: 587278.2217290435
        py: 4140912.742362871
        rpy:
          pitch: 0.0
          roll: 0.0
          yaw: -1.0041447900259564
    model:
      static:
        height: 1.134
        point:
        - x: -0.018
          y: -0.406
        - x: -0.018
          y: 0.406
        - x: 0.018
          y: 0.406
        - x: 0.018
          y: -0.406
    scaling:
      x: 1.0
      y: 1.0
      z: 1.0
    spectral_static_model: CUSTOM_SIGN
    type: UNKNOWN_UNMOVABLE
- static_obstacle:
    custom_model_description:
      sign_configuration:
        preset: STOPAHEAD_USA
    id: 7
    initial_state:
      pose_spec:
        px: 587216.0932979244
        py: 4140927.743481806
        rpy:
          pitch: 0.0
          roll: 0.0
          yaw: 0.21592923360448668
    model:
      static:
        height: 1.134
        point:
        - x: -0.018
          y: -0.406
        - x: -0.018
          y: 0.406
        - x: 0.018
          y: 0.406
        - x: 0.018
          y: -0.406
    scaling:
      x: 1.0
      y: 1.0
      z: 1.0
    spectral_static_model: CUSTOM_SIGN
    type: UNKNOWN_UNMOVABLE
- static_obstacle:
    custom_model_description:
      sign_configuration:
        preset: STOPAHEAD_USA
    id: 8
    initial_state:
      pose_spec:
        px: 587193.4845550489
        py: 4140926.7899305397
        rpy:
          pitch: 0.0
          roll: 0.0
          yaw: -0.5155522540153284
    model:
      static:
        height: 1.134
        point:
        - x: -0.018
          y: -0.406
        - x: -0.018
          y: 0.406
        - x: 0.018
          y: 0.406
        - x: 0.018
          y: -0.406
    scaling:
      x: 1.0
      y: 1.0
      z: 1.0
    spectral_static_model: CUSTOM_SIGN
    type: UNKNOWN_UNMOVABLE
- static_obstacle:
    custom_model_description:
      sign_configuration:
        preset: STOPAHEAD_USA
    id: 9
    initial_state:
      pose_spec:
        px: 587159.2538357548
        py: 4140937.097684709
        rpy:
          pitch: 0.0
          roll: 0.0
          yaw: -0.49239200349552215
    model:
      static:
        height: 1.134
        point:
        - x: -0.018
          y: -0.406
        - x: -0.018
          y: 0.406
        - x: 0.018
          y: 0.406
        - x: 0.018
          y: -0.406
    scaling:
      x: 1.0
      y: 1.0
      z: 1.0
    spectral_static_model: CUSTOM_SIGN
    type: UNKNOWN_UNMOVABLE
- static_obstacle:
    custom_model_description:
      sign_configuration:
        preset: STOPAHEAD_USA
    id: 10
    initial_state:
      pose_spec:
        px: 587146.0840114705
        py: 4140946.241841546
        rpy:
          pitch: 0.0
          roll: 0.0
          yaw: -0.08907527564885295
    model:
      static:
        height: 1.134
        point:
        - x: -0.018
          y: -0.406
        - x: -0.018
          y: 0.406
        - x: 0.018
          y: 0.406
        - x: 0.018
          y: -0.406
    scaling:
      x: 1.0
      y: 1.0
      z: 1.0
    spectral_static_model: CUSTOM_SIGN
    type: UNKNOWN_UNMOVABLE
- static_obstacle:
    custom_model_description:
      sign_configuration:
        preset: STOPAHEAD_USA
    id: 11
    initial_state:
      pose_spec:
        px: 587177.4553858357
        py: 4140939.7953016856
        rpy:
          pitch: 0.0
          roll: 0.0
          yaw: 0.8804680871797512
    model:
      static:
        height: 1.134
        point:
        - x: -0.018
          y: -0.406
        - x: -0.018
          y: 0.406
        - x: 0.018
          y: 0.406
        - x: 0.018
          y: -0.406
    scaling:
      x: 1.0
      y: 1.0
      z: 1.0
    spectral_static_model: CUSTOM_SIGN
    type: UNKNOWN_UNMOVABLE
- static_obstacle:
    custom_model_description:
      sign_configuration:
        preset: STOPAHEAD_USA
    id: 12
    initial_state:
      pose_spec:
        px: 587247.1878365754
        py: 4140921.7202433217
        rpy:
          pitch: 0.0
          roll: 0.0
          yaw: -0.25290766590740943
    model:
      static:
        height: 1.134
        point:
        - x: -0.018
          y: -0.406
        - x: -0.018
          y: 0.406
        - x: 0.018
          y: 0.406
        - x: 0.018
          y: -0.406
    scaling:
      x: 1.0
      y: 1.0
      z: 1.0
    spectral_static_model: CUSTOM_SIGN
    type: UNKNOWN_UNMOVABLE
- static_obstacle:
    custom_model_description:
      sign_configuration:
        preset: STOPAHEAD_USA
    id: 13
    initial_state:
      pose_spec:
        px: 587256.4903677974
        py: 4140910.457933426
        rpy:
          pitch: 0.0
          roll: 0.0
          yaw: -0.1753105542390552
    model:
      static:
        height: 1.134
        point:
        - x: -0.018
          y: -0.406
        - x: -0.018
          y: 0.406
        - x: 0.018
          y: 0.406
        - x: 0.018
          y: -0.406
    scaling:
      x: 1.0
      y: 1.0
      z: 1.0
    spectral_static_model: CUSTOM_SIGN
    type: UNKNOWN_UNMOVABLE
- static_obstacle:
    custom_model_description:
      sign_configuration:
        preset: STOPAHEAD_USA
    id: 14
    initial_state:
      pose_spec:
        px: 587228.2072773587
        py: 4140917.6992808385
        rpy:
          pitch: 0.0
          roll: 0.0
          yaw: -0.45476318432387763
    model:
      static:
        height: 1.134
        point:
        - x: -0.018
          y: -0.406
        - x: -0.018
          y: 0.406
        - x: 0.018
          y: 0.406
        - x: 0.018
          y: -0.406
    scaling:
      x: 1.0
      y: 1.0
      z: 1.0
    spectral_static_model: CUSTOM_SIGN
    type: UNKNOWN_UNMOVABLE
extra_data:
  VIN_identifier: VIN_Simulation_En7
  labels_as_proto: 'true'
  tlv_time_shift_type: current_time
include:
- file: scenario://workspace/sim_scenarios/include/vehicle_shape.inc.yaml
- file: scenario://workspace/sim_scenarios/include/uc_channels_MUST_include_spectral_fm.inc.yaml
- file: scenario://workspace/Datagen_TSR_delivery/include/spectral_sensor_config_41_target.inc.yaml
- file: scenario://workspace/sim_scenarios/include/extra_data_no_uc.inc.yaml
- file: scenario://workspace/Datagen_TSR_delivery/include/local_working_directory_extra_data.inc.yaml
map:
  key: sunnyvale
metadata:
  author_email: ada.silberstein@gm.com
  description: ''
  name: home training spectral
  scenario_version: v0.96
plugins:
- postprocess_plugin:
    config:
      logs_output: /home/yzc210/datagen/logs.txt
      move:
        output_path: /data/transfer/simulations/data_generation_processing
      postprocess_annotations: None
      postprocess_validation: None
    name: DatagenPlugin
    plugin_server_name: python_server
projection_settings:
  utm:
    north: true
    zone: 10
sim_end:
  until:
  - timeout:
      secs: 20.0s
spectral:
  enable: true
  environment:
    instance_level_labeling: true
    user_defined_weather:
      atmosphere:
        cloud_density: 0.1
        fog_density: 0.01
        precipitation: 0.0
        scattered_light_scalar: 1.0
      datetime:
        date:
          day: 21
          month: 9
        time_of_day: 1200
        time_zone: -7.0
      daylight_savings:
        enable_daylight_savings: true
        end_day: 1
        end_month: 11
        start_day: 8
        start_month: 3
        switch_hour: 128
      location:
        lat: 37.0
        lng: -122.0
      sun:
        illuminance: 110000
      world_surface:
        amount_of_driving: 0.0
        blend_snow: 0.0
        puddle_spread: 0.0
        snow_depth: 0.0
        water_level: 0.0
    weather: USER
trip_agent:
  behavior:
  - generate_route:
      dest:
        utm:
          x: 587126.64746694
          y: 4140767.0916708494
      start:
        utm:
          x: 587360.691049791
          y: 4140871.8983220556
